Copyright 1986-2022 Xilinx, Inc. All Rights Reserved. Copyright 2022-2024 Advanced Micro Devices, Inc. All Rights Reserved.
--------------------------------------------------------------------------------------------------------------------------------------------------------------------------------------------------------------------------------------------
| Tool Version      : Vivado v.2024.2 (win64) Build 5239630 Fri Nov 08 22:35:27 MST 2024
| Date              : Mon Jun 30 16:56:26 2025
| Host              : Dell-Hawk-TICUTC running 64-bit major release  (build 9200)
| Command           : report_timing_summary -max_paths 10 -report_unconstrained -file ElectronicLock_timing_summary_routed.rpt -pb ElectronicLock_timing_summary_routed.pb -rpx ElectronicLock_timing_summary_routed.rpx -warn_on_violation
| Design            : ElectronicLock
| Device            : xczu7ev-ffvc1156
| Speed File        : -2  PRODUCTION 1.30 05-15-2022
| Design State      : Routed
| Temperature Grade : E
--------------------------------------------------------------------------------------------------------------------------------------------------------------------------------------------------------------------------------------------

Timing Summary Report

------------------------------------------------------------------------------------------------
| Timer Settings
| --------------
------------------------------------------------------------------------------------------------

  Enable Multi Corner Analysis               :  Yes
  Enable Pessimism Removal                   :  Yes
  Pessimism Removal Resolution               :  Nearest Common Node
  Enable Input Delay Default Clock           :  No
  Enable Preset / Clear Arcs                 :  No
  Disable Flight Delays                      :  No
  Ignore I/O Paths                           :  No
  Timing Early Launch at Borrowing Latches   :  No
  Borrow Time for Max Delay Exceptions       :  Yes
  Merge Timing Exceptions                    :  Yes
  Inter-SLR Compensation                     :  Conservative

  Corner  Analyze    Analyze    
  Name    Max Paths  Min Paths  
  ------  ---------  ---------  
  Slow    Yes        Yes        
  Fast    Yes        Yes        


------------------------------------------------------------------------------------------------
| Report Methodology
| ------------------
------------------------------------------------------------------------------------------------

No report available as report_methodology has not been run prior. Run report_methodology on the current design for the summary of methodology violations.



check_timing report

Table of Contents
-----------------
1. checking no_clock (0)
2. checking constant_clock (0)
3. checking pulse_width_clock (0)
4. checking unconstrained_internal_endpoints (0)
5. checking no_input_delay (0)
6. checking no_output_delay (0)
7. checking multiple_clock (0)
8. checking generated_clocks (0)
9. checking loops (0)
10. checking partial_input_delay (0)
11. checking partial_output_delay (0)
12. checking latch_loops (0)

1. checking no_clock (0)
------------------------
 There are 0 register/latch pins with no clock.


2. checking constant_clock (0)
------------------------------
 There are 0 register/latch pins with constant_clock.


3. checking pulse_width_clock (0)
---------------------------------
 There are 0 register/latch pins which need pulse_width check


4. checking unconstrained_internal_endpoints (0)
------------------------------------------------
 There are 0 pins that are not constrained for maximum delay.

 There are 0 pins that are not constrained for maximum delay due to constant clock.


5. checking no_input_delay (0)
------------------------------
 There are 0 input ports with no input delay specified.

 There are 0 input ports with no input delay but user has a false path constraint.


6. checking no_output_delay (0)
-------------------------------
 There are 0 ports with no output delay specified.

 There are 0 ports with no output delay but user has a false path constraint

 There are 0 ports with no output delay but with a timing clock defined on it or propagating through it


7. checking multiple_clock (0)
------------------------------
 There are 0 register/latch pins with multiple clocks.


8. checking generated_clocks (0)
--------------------------------
 There are 0 generated clocks that are not connected to a clock source.


9. checking loops (0)
---------------------
 There are 0 combinational loops in the design.


10. checking partial_input_delay (0)
------------------------------------
 There are 0 input ports with partial input delay specified.


11. checking partial_output_delay (0)
-------------------------------------
 There are 0 ports with partial output delay specified.


12. checking latch_loops (0)
----------------------------
 There are 0 combinational latch loops in the design through latch input



------------------------------------------------------------------------------------------------
| Design Timing Summary
| ---------------------
------------------------------------------------------------------------------------------------

    WNS(ns)      TNS(ns)  TNS Failing Endpoints  TNS Total Endpoints      WHS(ns)      THS(ns)  THS Failing Endpoints  THS Total Endpoints     WPWS(ns)     TPWS(ns)  TPWS Failing Endpoints  TPWS Total Endpoints  
    -------      -------  ---------------------  -------------------      -------      -------  ---------------------  -------------------     --------     --------  ----------------------  --------------------  
        inf        0.000                      0                    2          inf        0.000                      0                    2           NA           NA                      NA                    NA  


There are no user specified timing constraints.


------------------------------------------------------------------------------------------------
| Clock Summary
| -------------
------------------------------------------------------------------------------------------------


------------------------------------------------------------------------------------------------
| Intra Clock Table
| -----------------
------------------------------------------------------------------------------------------------

Clock             WNS(ns)      TNS(ns)  TNS Failing Endpoints  TNS Total Endpoints      WHS(ns)      THS(ns)  THS Failing Endpoints  THS Total Endpoints     WPWS(ns)     TPWS(ns)  TPWS Failing Endpoints  TPWS Total Endpoints  
-----             -------      -------  ---------------------  -------------------      -------      -------  ---------------------  -------------------     --------     --------  ----------------------  --------------------  


------------------------------------------------------------------------------------------------
| Inter Clock Table
| -----------------
------------------------------------------------------------------------------------------------

From Clock    To Clock          WNS(ns)      TNS(ns)  TNS Failing Endpoints  TNS Total Endpoints      WHS(ns)      THS(ns)  THS Failing Endpoints  THS Total Endpoints  
----------    --------          -------      -------  ---------------------  -------------------      -------      -------  ---------------------  -------------------  


------------------------------------------------------------------------------------------------
| Other Path Groups Table
| -----------------------
------------------------------------------------------------------------------------------------

Path Group    From Clock    To Clock          WNS(ns)      TNS(ns)  TNS Failing Endpoints  TNS Total Endpoints      WHS(ns)      THS(ns)  THS Failing Endpoints  THS Total Endpoints  
----------    ----------    --------          -------      -------  ---------------------  -------------------      -------      -------  ---------------------  -------------------  


------------------------------------------------------------------------------------------------
| User Ignored Path Table
| -----------------------
------------------------------------------------------------------------------------------------

Path Group    From Clock    To Clock    
----------    ----------    --------    


------------------------------------------------------------------------------------------------
| Unconstrained Path Table
| ------------------------
------------------------------------------------------------------------------------------------

Path Group    From Clock    To Clock    
----------    ----------    --------    
(none)                                    


------------------------------------------------------------------------------------------------
| Timing Details
| --------------
------------------------------------------------------------------------------------------------


--------------------------------------------------------------------------------------
Path Group:  (none)
From Clock:  
  To Clock:  

Max Delay             2 Endpoints
Min Delay             2 Endpoints
--------------------------------------------------------------------------------------


Max Delay Paths
--------------------------------------------------------------------------------------
Slack:                    inf
  Source:                 A[3]
                            (input port)
  Destination:            green_led
                            (output port)
  Path Group:             (none)
  Path Type:              Max at Slow Process Corner
  Data Path Delay:        4.710ns  (logic 3.533ns (75.009%)  route 1.177ns (24.991%))
  Logic Levels:           4  (IBUFCTRL=1 INBUF=1 LUT4=1 OBUF=1)

    Location             Delay type                Incr(ns)  Path(ns)    Netlist Resource(s)
  -------------------------------------------------------------------    -------------------
    D5                                                0.000     0.000 r  A[3] (IN)
                         net (fo=0)                   0.000     0.000    A_IBUF[3]_inst/I
    D5                   INBUF (Prop_INBUF_HDIOB_S_PAD_O)
                                                      1.036     1.036 r  A_IBUF[3]_inst/INBUF_INST/O
                         net (fo=1, routed)           0.000     1.036    A_IBUF[3]_inst/OUT
    D5                   IBUFCTRL (Prop_IBUFCTRL_HDIOB_S_I_O)
                                                      0.000     1.036 r  A_IBUF[3]_inst/IBUFCTRL_INST/O
                         net (fo=2, routed)           0.566     1.602    A_IBUF[3]
    SLICE_X99Y354        LUT4 (Prop_D5LUT_SLICEL_I2_O)
                                                      0.157     1.759 r  green_led_OBUF_inst_i_1/O
                         net (fo=1, routed)           0.611     2.370    green_led_OBUF
    B5                   OBUF (Prop_OUTBUF_HDIOB_M_I_O)
                                                      2.340     4.710 r  green_led_OBUF_inst/O
                         net (fo=0)                   0.000     4.710    green_led
    B5                                                                r  green_led (OUT)
  -------------------------------------------------------------------    -------------------

Slack:                    inf
  Source:                 A[3]
                            (input port)
  Destination:            red_led
                            (output port)
  Path Group:             (none)
  Path Type:              Max at Slow Process Corner
  Data Path Delay:        4.662ns  (logic 3.526ns (75.634%)  route 1.136ns (24.366%))
  Logic Levels:           4  (IBUFCTRL=1 INBUF=1 LUT4=1 OBUF=1)

    Location             Delay type                Incr(ns)  Path(ns)    Netlist Resource(s)
  -------------------------------------------------------------------    -------------------
    D5                                                0.000     0.000 f  A[3] (IN)
                         net (fo=0)                   0.000     0.000    A_IBUF[3]_inst/I
    D5                   INBUF (Prop_INBUF_HDIOB_S_PAD_O)
                                                      1.036     1.036 f  A_IBUF[3]_inst/INBUF_INST/O
                         net (fo=1, routed)           0.000     1.036    A_IBUF[3]_inst/OUT
    D5                   IBUFCTRL (Prop_IBUFCTRL_HDIOB_S_I_O)
                                                      0.000     1.036 f  A_IBUF[3]_inst/IBUFCTRL_INST/O
                         net (fo=2, routed)           0.566     1.602    A_IBUF[3]
    SLICE_X99Y354        LUT4 (Prop_D6LUT_SLICEL_I1_O)
                                                      0.146     1.748 r  red_led_OBUF_inst_i_1/O
                         net (fo=1, routed)           0.570     2.318    red_led_OBUF
    A5                   OBUF (Prop_OUTBUF_HDIOB_S_I_O)
                                                      2.345     4.662 r  red_led_OBUF_inst/O
                         net (fo=0)                   0.000     4.662    red_led
    A5                                                                r  red_led (OUT)
  -------------------------------------------------------------------    -------------------





Min Delay Paths
--------------------------------------------------------------------------------------
Slack:                    inf
  Source:                 A[0]
                            (input port)
  Destination:            red_led
                            (output port)
  Path Group:             (none)
  Path Type:              Min at Fast Process Corner
  Data Path Delay:        1.932ns  (logic 1.495ns (77.376%)  route 0.437ns (22.624%))
  Logic Levels:           4  (IBUFCTRL=1 INBUF=1 LUT4=1 OBUF=1)

    Location             Delay type                Incr(ns)  Path(ns)    Netlist Resource(s)
  -------------------------------------------------------------------    -------------------
    F6                                                0.000     0.000 r  A[0] (IN)
                         net (fo=0)                   0.000     0.000    A_IBUF[0]_inst/I
    F6                   INBUF (Prop_INBUF_HDIOB_M_PAD_O)
                                                      0.366     0.366 r  A_IBUF[0]_inst/INBUF_INST/O
                         net (fo=1, routed)           0.000     0.366    A_IBUF[0]_inst/OUT
    F6                   IBUFCTRL (Prop_IBUFCTRL_HDIOB_M_I_O)
                                                      0.000     0.366 r  A_IBUF[0]_inst/IBUFCTRL_INST/O
                         net (fo=2, routed)           0.225     0.591    A_IBUF[0]
    SLICE_X99Y354        LUT4 (Prop_D6LUT_SLICEL_I2_O)
                                                      0.041     0.632 r  red_led_OBUF_inst_i_1/O
                         net (fo=1, routed)           0.212     0.844    red_led_OBUF
    A5                   OBUF (Prop_OUTBUF_HDIOB_S_I_O)
                                                      1.087     1.932 r  red_led_OBUF_inst/O
                         net (fo=0)                   0.000     1.932    red_led
    A5                                                                r  red_led (OUT)
  -------------------------------------------------------------------    -------------------

Slack:                    inf
  Source:                 A[0]
                            (input port)
  Destination:            green_led
                            (output port)
  Path Group:             (none)
  Path Type:              Min at Fast Process Corner
  Data Path Delay:        2.010ns  (logic 1.488ns (74.031%)  route 0.522ns (25.969%))
  Logic Levels:           4  (IBUFCTRL=1 INBUF=1 LUT4=1 OBUF=1)

    Location             Delay type                Incr(ns)  Path(ns)    Netlist Resource(s)
  -------------------------------------------------------------------    -------------------
    F6                                                0.000     0.000 f  A[0] (IN)
                         net (fo=0)                   0.000     0.000    A_IBUF[0]_inst/I
    F6                   INBUF (Prop_INBUF_HDIOB_M_PAD_O)
                                                      0.366     0.366 f  A_IBUF[0]_inst/INBUF_INST/O
                         net (fo=1, routed)           0.000     0.366    A_IBUF[0]_inst/OUT
    F6                   IBUFCTRL (Prop_IBUFCTRL_HDIOB_M_I_O)
                                                      0.000     0.366 f  A_IBUF[0]_inst/IBUFCTRL_INST/O
                         net (fo=2, routed)           0.225     0.591    A_IBUF[0]
    SLICE_X99Y354        LUT4 (Prop_D5LUT_SLICEL_I1_O)
                                                      0.039     0.630 r  green_led_OBUF_inst_i_1/O
                         net (fo=1, routed)           0.297     0.927    green_led_OBUF
    B5                   OBUF (Prop_OUTBUF_HDIOB_M_I_O)
                                                      1.083     2.010 r  green_led_OBUF_inst/O
                         net (fo=0)                   0.000     2.010    green_led
    B5                                                                r  green_led (OUT)
  -------------------------------------------------------------------    -------------------





